Processing tenant: manifest1abc...
  Funding 100000000upwr...
{"code":0,"txhash":"1234567890123456789012345678901234567890123456789012345678901234"}
  Creating lease with items: <sku-uuid>:2...
  Acknowledging lease ...
invalid lease UUID
  Done!
Processing tenant: manifest1def...
  Funding 50000000upwr...
{"code":0,"txhash":"1234567890123456789012345678901234567890123456789012345678901234"}
  Creating lease with items: <sku-uuid-1>:1 <sku-uuid-2>:1...
  Acknowledging lease ...
invalid lease UUID
  Done!
Processing tenant: manifest1ghi...
  Funding 200000000upwr...
{"code":0,"txhash":"1234567890123456789012345678901234567890123456789012345678901234"}
  Creating lease with items: <sku-uuid-3>:5...
  Acknowledging lease ...
invalid lease UUID
  Done!
Migration complete!
